../Drivers/CMSIS/Include/core_cm0plus.h:741:22:__NVIC_EnableIRQ	16	static
../Drivers/CMSIS/Include/core_cm0plus.h:848:22:__NVIC_SetPriority	24	static
../Drivers/STM32L0xx_HAL_Driver/Inc/stm32l0xx_ll_dma.h:507:22:LL_DMA_EnableChannel	16	static
../Drivers/STM32L0xx_HAL_Driver/Inc/stm32l0xx_ll_dma.h:606:22:LL_DMA_SetDataTransferDirection	24	static
../Drivers/STM32L0xx_HAL_Driver/Inc/stm32l0xx_ll_dma.h:630:26:LL_DMA_GetDataTransferDirection	16	static
../Drivers/STM32L0xx_HAL_Driver/Inc/stm32l0xx_ll_dma.h:655:22:LL_DMA_SetMode	24	static
../Drivers/STM32L0xx_HAL_Driver/Inc/stm32l0xx_ll_dma.h:700:22:LL_DMA_SetPeriphIncMode	24	static
../Drivers/STM32L0xx_HAL_Driver/Inc/stm32l0xx_ll_dma.h:745:22:LL_DMA_SetMemoryIncMode	24	static
../Drivers/STM32L0xx_HAL_Driver/Inc/stm32l0xx_ll_dma.h:791:22:LL_DMA_SetPeriphSize	24	static
../Drivers/STM32L0xx_HAL_Driver/Inc/stm32l0xx_ll_dma.h:838:22:LL_DMA_SetMemorySize	24	static
../Drivers/STM32L0xx_HAL_Driver/Inc/stm32l0xx_ll_dma.h:886:22:LL_DMA_SetChannelPriorityLevel	24	static
../Drivers/STM32L0xx_HAL_Driver/Inc/stm32l0xx_ll_dma.h:933:22:LL_DMA_SetDataLength	24	static
../Drivers/STM32L0xx_HAL_Driver/Inc/stm32l0xx_ll_dma.h:984:22:LL_DMA_ConfigAddresses	24	static
../Drivers/STM32L0xx_HAL_Driver/Inc/stm32l0xx_ll_dma.h:1207:22:LL_DMA_SetPeriphRequest	24	static
../Drivers/STM32L0xx_HAL_Driver/Inc/stm32l0xx_ll_dma.h:1932:22:LL_DMA_EnableIT_TC	16	static
../Drivers/STM32L0xx_HAL_Driver/Inc/stm32l0xx_ll_lptim.h:340:22:LL_LPTIM_Enable	16	static
../Drivers/STM32L0xx_HAL_Driver/Inc/stm32l0xx_ll_lptim.h:369:22:LL_LPTIM_StartCounter	16	static
../Drivers/STM32L0xx_HAL_Driver/Inc/stm32l0xx_ll_lptim.h:384:22:LL_LPTIM_SetUpdateMode	16	static
../Drivers/STM32L0xx_HAL_Driver/Inc/stm32l0xx_ll_lptim.h:415:22:LL_LPTIM_SetAutoReload	16	static
../Drivers/STM32L0xx_HAL_Driver/Inc/stm32l0xx_ll_lptim.h:442:22:LL_LPTIM_SetCompare	16	static
../Drivers/STM32L0xx_HAL_Driver/Inc/stm32l0xx_ll_lptim.h:483:22:LL_LPTIM_SetCounterMode	16	static
../Drivers/STM32L0xx_HAL_Driver/Inc/stm32l0xx_ll_lptim.h:597:22:LL_LPTIM_SetPrescaler	16	static
../Drivers/STM32L0xx_HAL_Driver/Inc/stm32l0xx_ll_lptim.h:678:22:LL_LPTIM_TrigSw	16	static
../Drivers/STM32L0xx_HAL_Driver/Inc/stm32l0xx_ll_lptim.h:789:22:LL_LPTIM_SetClockSource	16	static
../Drivers/STM32L0xx_HAL_Driver/Inc/stm32l0xx_ll_lptim.h:1021:22:LL_LPTIM_ClearFlag_CMPOK	16	static
../Drivers/STM32L0xx_HAL_Driver/Inc/stm32l0xx_ll_lptim.h:1033:26:LL_LPTIM_IsActiveFlag_CMPOK	16	static
../Drivers/STM32L0xx_HAL_Driver/Inc/stm32l0xx_ll_lptim.h:1044:22:LL_LPTIM_ClearFlag_ARROK	16	static
../Drivers/STM32L0xx_HAL_Driver/Inc/stm32l0xx_ll_lptim.h:1056:26:LL_LPTIM_IsActiveFlag_ARROK	16	static
../Drivers/STM32L0xx_HAL_Driver/Inc/stm32l0xx_ll_lptim.h:1121:22:LL_LPTIM_EnableIT_CMPM	16	static
../Drivers/STM32L0xx_HAL_Driver/Inc/stm32l0xx_ll_lptim.h:1154:22:LL_LPTIM_EnableIT_ARRM	16	static
../Drivers/STM32L0xx_HAL_Driver/Inc/stm32l0xx_ll_spi.h:298:22:LL_SPI_Enable	16	static
../Drivers/STM32L0xx_HAL_Driver/Inc/stm32l0xx_ll_spi.h:366:22:LL_SPI_SetStandard	16	static
../Drivers/STM32L0xx_HAL_Driver/Inc/stm32l0xx_ll_spi.h:732:26:LL_SPI_IsActiveFlag_RXNE	16	static
../Drivers/STM32L0xx_HAL_Driver/Inc/stm32l0xx_ll_spi.h:743:26:LL_SPI_IsActiveFlag_TXE	16	static
../Drivers/STM32L0xx_HAL_Driver/Inc/stm32l0xx_ll_spi.h:991:22:LL_SPI_EnableDMAReq_RX	16	static
../Drivers/STM32L0xx_HAL_Driver/Inc/stm32l0xx_ll_spi.h:1024:22:LL_SPI_EnableDMAReq_TX	16	static
../Drivers/STM32L0xx_HAL_Driver/Inc/stm32l0xx_ll_spi.h:1057:26:LL_SPI_DMA_GetRegAddr	16	static
../Drivers/STM32L0xx_HAL_Driver/Inc/stm32l0xx_ll_spi.h:1087:26:LL_SPI_ReceiveData16	16	static
../Drivers/STM32L0xx_HAL_Driver/Inc/stm32l0xx_ll_gpio.h:270:22:LL_GPIO_SetPinMode	24	static
../Drivers/STM32L0xx_HAL_Driver/Inc/stm32l0xx_ll_bus.h:224:22:LL_AHB1_GRP1_EnableClock	24	static
../Drivers/STM32L0xx_HAL_Driver/Inc/stm32l0xx_ll_bus.h:440:22:LL_APB1_GRP1_EnableClock	24	static
../Drivers/STM32L0xx_HAL_Driver/Inc/stm32l0xx_ll_bus.h:786:22:LL_APB2_GRP1_EnableClock	24	static
../Drivers/STM32L0xx_HAL_Driver/Inc/stm32l0xx_ll_bus.h:987:22:LL_IOP_GRP1_EnableClock	24	static
../Core/Src/main.c:75:5:main	24	static
../Core/Src/main.c:202:6:SystemClock_Config	112	static
../Core/Src/main.c:253:13:MX_SPI1_Init	80	static
../Core/Src/main.c:358:13:MX_DMA_Init	8	static
../Core/Src/main.c:379:6:Error_Handler	8	static,ignoring_inline_asm
