../Drivers/STM32L0xx_HAL_Driver/Inc/stm32l0xx_ll_dma.h:1372:26:LL_DMA_IsActiveFlag_TC3	16	static
../Drivers/STM32L0xx_HAL_Driver/Inc/stm32l0xx_ll_dma.h:1604:22:LL_DMA_ClearFlag_GI2	16	static
../Drivers/STM32L0xx_HAL_Driver/Inc/stm32l0xx_ll_dma.h:1615:22:LL_DMA_ClearFlag_GI3	16	static
../Drivers/STM32L0xx_HAL_Driver/Inc/stm32l0xx_ll_dma.h:1685:22:LL_DMA_ClearFlag_TC2	16	static
../Drivers/STM32L0xx_HAL_Driver/Inc/stm32l0xx_ll_dma.h:1696:22:LL_DMA_ClearFlag_TC3	16	static
../Drivers/STM32L0xx_HAL_Driver/Inc/stm32l0xx_ll_dma.h:1766:22:LL_DMA_ClearFlag_HT2	16	static
../Drivers/STM32L0xx_HAL_Driver/Inc/stm32l0xx_ll_dma.h:1777:22:LL_DMA_ClearFlag_HT3	16	static
../Drivers/STM32L0xx_HAL_Driver/Inc/stm32l0xx_ll_lptim.h:955:22:LL_LPTIM_ClearFLAG_CMPM	16	static
../Drivers/STM32L0xx_HAL_Driver/Inc/stm32l0xx_ll_lptim.h:966:26:LL_LPTIM_IsActiveFlag_CMPM	16	static
../Drivers/STM32L0xx_HAL_Driver/Inc/stm32l0xx_ll_lptim.h:977:22:LL_LPTIM_ClearFLAG_ARRM	16	static
../Drivers/STM32L0xx_HAL_Driver/Inc/stm32l0xx_ll_lptim.h:988:26:LL_LPTIM_IsActiveFlag_ARRM	16	static
../Core/Src/stm32l0xx_it.c:70:6:NMI_Handler	8	static
../Core/Src/stm32l0xx_it.c:85:6:HardFault_Handler	8	static
../Core/Src/stm32l0xx_it.c:100:6:SVC_Handler	8	static
../Core/Src/stm32l0xx_it.c:113:6:PendSV_Handler	8	static
../Core/Src/stm32l0xx_it.c:126:6:SysTick_Handler	8	static
../Core/Src/stm32l0xx_it.c:147:6:DMA1_Channel2_3_IRQHandler	8	static
../Core/Src/stm32l0xx_it.c:172:6:LPTIM1_IRQHandler	8	static
